{"success":true}
{"rc":0,"rc_str":"OK","rc_str_hr":"Success","recordsFiltered":8,"recordsTotal":8,"rsp":{"records":[{"additional_alerts":"","alert_id":{"label":"<i class=\"fas fa-fw fa-exclamation\"></i> Obsolete TLS Version","value":"24"},"alert_name":"<i class=\"fas fa-fw fa-exclamation\"></i> Obsolete TLS Version","count":1,"description":"Obsolete TLS Version [Version: TLSv1]","duration":0,"family":"flow","flow":{"active_url":"/lua/flow_details.lua?flow_key=473481660&flow_hash_id=0","cli_ip":{"label":"192.168.1.252","reference":"<a href='/lua/host_details.lua?host=192.168.1.252' data-bs-toggle='tooltip' title=''><i class='fas fa-laptop'></i></a>","value":"192.168.1.252"},"cli_port":"51110","historical_url":"","srv_ip":{"label":"www.ct7ctrgb6cr7.com","reference":"<a href='/lua/host_details.lua?host=91.143.93.242' data-bs-toggle='tooltip' title=''><i class='fas fa-laptop'></i></a>","value":"91.143.93.242"},"srv_port":"443"},"l7_proto":{"label":"TCP:TLS","value":"91"},"msg":{"configset_ref":" <a href=\"/lua/admin/edit_configset.lua?subdir=flow&user_script=tls_old_protocol_version#all\"><i class=\"fas fa-cog\" title=\"Edit Configuration\"></i></a>","description":"Obsolete TLS Version [Version: TLSv1]","name":"Obsolete TLS Version","value":24},"proto":{"label":"TCP","value":"6"},"row_id":"1","score":{"color":"#ff3231","label":"100","value":100},"script_key":"tls_old_protocol_version","severity":{"color":"#ff3231","label":"<i class='fas fa-fw fa-exclamation-triangle text-danger' style='color: #ff3231!important' title='Error'></i> ","value":5},"tstamp":{"highlight":"#ff3231","label":"11:18:03","value":1622539083},"vlan_id":"0"},{"additional_alerts":"Obsolete TLS Version, Suspicious DGA Domain, Remote Access","alert_id":{"label":"<i class=\"fas fa-fw fa-exclamation\"></i> Unsafe Protocol","value":"52"},"alert_name":"<i class=\"fas fa-fw fa-exclamation\"></i> Unsafe Protocol","cli_role":{"label":"Is Attacker","tag_label":"Has Attacker","value":"attacker"},"count":1,"description":"Unsafe Protocol","duration":0,"family":"flow","flow":{"active_url":"/lua/flow_details.lua?flow_key=4007958761&flow_hash_id=1","cli_ip":{"label":"192.168.1.252","reference":"<a href='/lua/host_details.lua?host=192.168.1.252' data-bs-toggle='tooltip' title=''><i class='fas fa-laptop'></i></a>","value":"192.168.1.252"},"cli_port":"51111","historical_url":"","srv_ip":{"label":"www.e6r5p57kbafwrxj3plz.com","reference":"<a href='/lua/host_details.lua?host=46.59.52.31' data-bs-toggle='tooltip' title=''><i class='fas fa-laptop'></i></a>","value":"46.59.52.31"},"srv_port":"443"},"l7_proto":{"label":"TCP:TLS.Tor","value":"163"},"msg":{"configset_ref":" <a href=\"/lua/admin/edit_configset.lua?subdir=flow&user_script=ndpi_unsafe_protocol#all\"><i class=\"fas fa-cog\" title=\"Edit Configuration\"></i></a>","description":"","name":"Unsafe Protocol","value":52},"proto":{"label":"TCP","value":"6"},"row_id":"2","score":{"color":"#ff3231","label":"254","value":254},"script_key":"ndpi_unsafe_protocol","severity":{"color":"#ff3231","label":"<i class='fas fa-fw fa-exclamation-triangle text-danger' style='color: #ff3231!important' title='Error'></i> ","value":5},"tstamp":{"highlight":"#ff3231","label":"11:18:03","value":1622539083},"vlan_id":"0"},{"additional_alerts":"Obsolete TLS Version, Suspicious DGA Domain, Remote Access","alert_id":{"label":"<i class=\"fas fa-fw fa-exclamation\"></i> Unsafe Protocol","value":"52"},"alert_name":"<i class=\"fas fa-fw fa-exclamation\"></i> Unsafe Protocol","cli_role":{"label":"Is Attacker","tag_label":"Has Attacker","value":"attacker"},"count":1,"description":"Unsafe Protocol","duration":0,"family":"flow","flow":{"active_url":"/lua/flow_details.lua?flow_key=3884887039&flow_hash_id=2","cli_ip":{"label":"192.168.1.252","reference":"<a href='/lua/host_details.lua?host=192.168.1.252' data-bs-toggle='tooltip' title=''><i class='fas fa-laptop'></i></a>","value":"192.168.1.252"},"cli_port":"51112","historical_url":"","srv_ip":{"label":"www.q4cyamnc6mtokjurvdclt.com","reference":"<a href='/lua/host_details.lua?host=38.229.70.53' data-bs-toggle='tooltip' title=''><i class='fas fa-laptop'></i></a>","value":"38.229.70.53"},"srv_port":"443"},"l7_proto":{"label":"TCP:TLS.Tor","value":"163"},"msg":{"configset_ref":" <a href=\"/lua/admin/edit_configset.lua?subdir=flow&user_script=ndpi_unsafe_protocol#all\"><i class=\"fas fa-cog\" title=\"Edit Configuration\"></i></a>","description":"","name":"Unsafe Protocol","value":52},"proto":{"label":"TCP","value":"6"},"row_id":"3","score":{"color":"#ff3231","label":"254","value":254},"script_key":"ndpi_unsafe_protocol","severity":{"color":"#ff3231","label":"<i class='fas fa-fw fa-exclamation-triangle text-danger' style='color: #ff3231!important' title='Error'></i> ","value":5},"tstamp":{"highlight":"#ff3231","label":"11:18:03","value":1622539083},"vlan_id":"0"},{"additional_alerts":"Obsolete TLS Version, Suspicious DGA Domain, Remote Access","alert_id":{"label":"<i class=\"fas fa-fw fa-exclamation\"></i> Unsafe Protocol","value":"52"},"alert_name":"<i class=\"fas fa-fw fa-exclamation\"></i> Unsafe Protocol","cli_role":{"label":"Is Attacker","tag_label":"Has Attacker","value":"attacker"},"count":1,"description":"Unsafe Protocol","duration":0,"family":"flow","flow":{"active_url":"/lua/flow_details.lua?flow_key=473498300&flow_hash_id=7","cli_ip":{"label":"192.168.1.252","reference":"<a href='/lua/host_details.lua?host=192.168.1.252' data-bs-toggle='tooltip' title=''><i class='fas fa-laptop'></i></a>","value":"192.168.1.252"},"cli_port":"51175","historical_url":"","srv_ip":{"label":"www.ct7ctrgb6cr7.com","reference":"<a href='/lua/host_details.lua?host=91.143.93.242' data-bs-toggle='tooltip' title=''><i class='fas fa-laptop'></i></a>","value":"91.143.93.242"},"srv_port":"443"},"l7_proto":{"label":"TCP:TLS.Tor","value":"163"},"msg":{"configset_ref":" <a href=\"/lua/admin/edit_configset.lua?subdir=flow&user_script=ndpi_unsafe_protocol#all\"><i class=\"fas fa-cog\" title=\"Edit Configuration\"></i></a>","description":"","name":"Unsafe Protocol","value":52},"proto":{"label":"TCP","value":"6"},"row_id":"4","score":{"color":"#ff3231","label":"254","value":254},"script_key":"ndpi_unsafe_protocol","severity":{"color":"#ff3231","label":"<i class='fas fa-fw fa-exclamation-triangle text-danger' style='color: #ff3231!important' title='Error'></i> ","value":5},"srv_role":{"label":"Is Attacker","tag_label":"Has Attacker","value":"attacker"},"tstamp":{"highlight":"#ff3231","label":"11:18:03","value":1622539083},"vlan_id":"0"},{"additional_alerts":"","alert_id":{"label":"<i class=\"fas fa-fw fa-exclamation\"></i> Obsolete TLS Version","value":"24"},"alert_name":"<i class=\"fas fa-fw fa-exclamation\"></i> Obsolete TLS Version","count":1,"description":"Obsolete TLS Version [Version: TLSv1]","duration":0,"family":"flow","flow":{"active_url":"/lua/flow_details.lua?flow_key=2499624900&flow_hash_id=6","cli_ip":{"label":"192.168.1.252","reference":"<a href='/lua/host_details.lua?host=192.168.1.252' data-bs-toggle='tooltip' title=''><i class='fas fa-laptop'></i></a>","value":"192.168.1.252"},"cli_port":"51174","historical_url":"","srv_ip":{"label":"www.t3i3ru.com","reference":"<a href='/lua/host_details.lua?host=212.83.155.250' data-bs-toggle='tooltip' title=''><i class='fas fa-laptop'></i></a>","value":"212.83.155.250"},"srv_port":"443"},"l7_proto":{"label":"TCP:TLS","value":"91"},"msg":{"configset_ref":" <a href=\"/lua/admin/edit_configset.lua?subdir=flow&user_script=tls_old_protocol_version#all\"><i class=\"fas fa-cog\" title=\"Edit Configuration\"></i></a>","description":"Obsolete TLS Version [Version: TLSv1]","name":"Obsolete TLS Version","value":24},"proto":{"label":"TCP","value":"6"},"row_id":"5","score":{"color":"#ff3231","label":"100","value":100},"script_key":"tls_old_protocol_version","severity":{"color":"#ff3231","label":"<i class='fas fa-fw fa-exclamation-triangle text-danger' style='color: #ff3231!important' title='Error'></i> ","value":5},"tstamp":{"highlight":"#ff3231","label":"11:18:03","value":1622539083},"vlan_id":"0"},{"additional_alerts":"","alert_id":{"label":"<i class=\"fas fa-fw fa-exclamation\"></i> Obsolete TLS Version","value":"24"},"alert_name":"<i class=\"fas fa-fw fa-exclamation\"></i> Obsolete TLS Version","count":1,"description":"Obsolete TLS Version [Version: TLSv1]","duration":0,"family":"flow","flow":{"active_url":"/lua/flow_details.lua?flow_key=3884903423&flow_hash_id=8","cli_ip":{"label":"192.168.1.252","reference":"<a href='/lua/host_details.lua?host=192.168.1.252' data-bs-toggle='tooltip' title=''><i class='fas fa-laptop'></i></a>","value":"192.168.1.252"},"cli_port":"51176","historical_url":"","srv_ip":{"label":"www.q4cyamnc6mtokjurvdclt.com","reference":"<a href='/lua/host_details.lua?host=38.229.70.53' data-bs-toggle='tooltip' title=''><i class='fas fa-laptop'></i></a>","value":"38.229.70.53"},"srv_port":"443"},"l7_proto":{"label":"TCP:TLS","value":"91"},"msg":{"configset_ref":" <a href=\"/lua/admin/edit_configset.lua?subdir=flow&user_script=tls_old_protocol_version#all\"><i class=\"fas fa-cog\" title=\"Edit Configuration\"></i></a>","description":"Obsolete TLS Version [Version: TLSv1]","name":"Obsolete TLS Version","value":24},"proto":{"label":"TCP","value":"6"},"row_id":"6","score":{"color":"#ff3231","label":"100","value":100},"script_key":"tls_old_protocol_version","severity":{"color":"#ff3231","label":"<i class='fas fa-fw fa-exclamation-triangle text-danger' style='color: #ff3231!important' title='Error'></i> ","value":5},"tstamp":{"highlight":"#ff3231","label":"11:18:03","value":1622539083},"vlan_id":"0"},{"additional_alerts":"","alert_id":{"label":"<i class=\"fas fa-fw fa-exclamation\"></i> Obsolete TLS Version","value":"24"},"alert_name":"<i class=\"fas fa-fw fa-exclamation\"></i> Obsolete TLS Version","count":1,"description":"Obsolete TLS Version [Version: TLSv1]","duration":0,"family":"flow","flow":{"active_url":"/lua/flow_details.lua?flow_key=4286331056&flow_hash_id=9","cli_ip":{"label":"192.168.1.252","reference":"<a href='/lua/host_details.lua?host=192.168.1.252' data-bs-toggle='tooltip' title=''><i class='fas fa-laptop'></i></a>","value":"192.168.1.252"},"cli_port":"51185","historical_url":"","srv_ip":{"label":"www.6gyip7tqim7sieb.com","reference":"<a href='/lua/host_details.lua?host=62.210.137.230' data-bs-toggle='tooltip' title=''><i class='fas fa-laptop'></i></a>","value":"62.210.137.230"},"srv_port":"443"},"l7_proto":{"label":"TCP:TLS","value":"91"},"msg":{"configset_ref":" <a href=\"/lua/admin/edit_configset.lua?subdir=flow&user_script=tls_old_protocol_version#all\"><i class=\"fas fa-cog\" title=\"Edit Configuration\"></i></a>","description":"Obsolete TLS Version [Version: TLSv1]","name":"Obsolete TLS Version","value":24},"proto":{"label":"TCP","value":"6"},"row_id":"7","score":{"color":"#ff3231","label":"100","value":100},"script_key":"tls_old_protocol_version","severity":{"color":"#ff3231","label":"<i class='fas fa-fw fa-exclamation-triangle text-danger' style='color: #ff3231!important' title='Error'></i> ","value":5},"tstamp":{"highlight":"#ff3231","label":"11:18:03","value":1622539083},"vlan_id":"0"},{"additional_alerts":"","alert_id":{"label":"<i class=\"fas fa-fw fa-exclamation\"></i> Potentially Dangerous Protocol","value":"15"},"alert_name":"<i class=\"fas fa-fw fa-exclamation\"></i> Potentially Dangerous Protocol","cli_role":{"label":"Is Attacker","tag_label":"Has Attacker","value":"attacker"},"count":1,"description":"Potentially Dangerous Protocol","duration":0,"family":"flow","flow":{"active_url":"/lua/flow_details.lua?flow_key=2169575436&flow_hash_id=4","cli_ip":{"label":"192.168.1.252","reference":"<a href='/lua/host_details.lua?host=192.168.1.252' data-bs-toggle='tooltip' title=''><i class='fas fa-laptop'></i></a>","value":"192.168.1.252"},"cli_port":"138","historical_url":"","srv_ip":{"label":"192.168.1.255","reference":"<a href='/lua/host_details.lua?host=192.168.1.255' data-bs-toggle='tooltip' title=''><i class='fas fa-laptop'></i></a>","value":"192.168.1.255"},"srv_port":"138"},"l7_proto":{"label":"UDP:NetBIOS.SMBv1","value":"16"},"msg":{"configset_ref":" <a href=\"/lua/admin/edit_configset.lua?subdir=flow&user_script=potentially_dangerous#all\"><i class=\"fas fa-cog\" title=\"Edit Configuration\"></i></a>","description":"","name":"Potentially Dangerous Protocol","value":15},"proto":{"label":"UDP","value":"17"},"row_id":"8","score":{"color":"#ffc007","label":"51","value":51},"script_key":"potentially_dangerous","severity":{"color":"#ffc007","label":"<i class='fas fa-fw fa-exclamation-triangle text-warning' style='color: #ffc007!important' title='Warning'></i> ","value":4},"tstamp":{"highlight":"#ffc007","label":"11:18:03","value":1622539083},"vlan_id":"0"}]}}
