{"success":true}
{"rc":0,"rc_str":"OK","rc_str_hr":"Success","recordsFiltered":3,"recordsTotal":3,"rsp":{"records":[{"additional_alerts":"","alert_id":{"label":"<i class=\"fas fa-fw fa-exclamation\"></i> Suspicious DGA Domain","value":"47"},"alert_name":"<i class=\"fas fa-fw fa-exclamation\"></i> Suspicious DGA Domain","cli_role":{"label":"Is Attacker","tag_label":"Has Attacker","value":"attacker"},"count":1,"description":"Suspicious DGA Domain [b11c01a621c362010a.skullseclabs.org]","duration":0,"family":"flow","flow":{"active_url":"/lua/flow_details.lua?flow_key=3299533052&flow_hash_id=0","cli_ip":{"label":"192.168.43.91","reference":"<a href='/lua/host_details.lua?host=192.168.43.91' data-bs-toggle='tooltip' title=''><i class='fas fa-laptop'></i></a>","value":"192.168.43.91"},"cli_port":"35966","historical_url":"","srv_ip":{"label":"4.2.2.4","reference":"<a href='/lua/host_details.lua?host=4.2.2.4' data-bs-toggle='tooltip' title=''><i class='fas fa-laptop'></i></a>","value":"4.2.2.4"},"srv_port":"53"},"l7_proto":{"label":"UDP:DNS","value":"5"},"msg":{"configset_ref":" <a href=\"/lua/admin/edit_configset.lua?subdir=flow&user_script=ndpi_suspicious_dga_domain#all\"><i class=\"fas fa-cog\" title=\"Edit Configuration\"></i></a>","description":"Suspicious DGA Domain [b11c01a621c362010a.skullseclabs.org]","name":"Suspicious DGA Domain","value":47},"proto":{"label":"UDP","value":"17"},"row_id":"1","score":{"color":"#ffc007","label":"51","value":51},"script_key":"ndpi_suspicious_dga_domain","severity":{"color":"#ffc007","label":"<i class='fas fa-fw fa-exclamation-triangle text-warning' style='color: #ffc007!important' title='Warning'></i> ","value":4},"tstamp":{"highlight":"#ffc007","label":"15:15:27","value":1622553327},"vlan_id":"0"},{"additional_alerts":"","alert_id":{"label":"<i class=\"fas fa-fw fa-exclamation\"></i> Suspicious DGA Domain","value":"47"},"alert_name":"<i class=\"fas fa-fw fa-exclamation\"></i> Suspicious DGA Domain","cli_role":{"label":"Is Attacker","tag_label":"Has Attacker","value":"attacker"},"count":1,"description":"Suspicious DGA Domain [b54101e6da83516ea2.skullseclabs.org]","duration":0,"family":"flow","flow":{"active_url":"/lua/flow_details.lua?flow_key=3299529767&flow_hash_id=2","cli_ip":{"label":"192.168.43.91","reference":"<a href='/lua/host_details.lua?host=192.168.43.91' data-bs-toggle='tooltip' title=''><i class='fas fa-laptop'></i></a>","value":"192.168.43.91"},"cli_port":"46961","historical_url":"","srv_ip":{"label":"4.2.2.4","reference":"<a href='/lua/host_details.lua?host=4.2.2.4' data-bs-toggle='tooltip' title=''><i class='fas fa-laptop'></i></a>","value":"4.2.2.4"},"srv_port":"53"},"l7_proto":{"label":"UDP:DNS","value":"5"},"msg":{"configset_ref":" <a href=\"/lua/admin/edit_configset.lua?subdir=flow&user_script=ndpi_suspicious_dga_domain#all\"><i class=\"fas fa-cog\" title=\"Edit Configuration\"></i></a>","description":"Suspicious DGA Domain [b54101e6da83516ea2.skullseclabs.org]","name":"Suspicious DGA Domain","value":47},"proto":{"label":"UDP","value":"17"},"row_id":"2","score":{"color":"#ffc007","label":"51","value":51},"script_key":"ndpi_suspicious_dga_domain","severity":{"color":"#ffc007","label":"<i class='fas fa-fw fa-exclamation-triangle text-warning' style='color: #ffc007!important' title='Warning'></i> ","value":4},"tstamp":{"highlight":"#ffc007","label":"15:15:27","value":1622553327},"vlan_id":"0"},{"additional_alerts":"","alert_id":{"label":"<i class=\"fas fa-fw fa-exclamation\"></i> Suspicious DGA Domain","value":"47"},"alert_name":"<i class=\"fas fa-fw fa-exclamation\"></i> Suspicious DGA Domain","cli_role":{"label":"Is Attacker","tag_label":"Has Attacker","value":"attacker"},"count":1,"description":"Suspicious DGA Domain [e18f00fdf525320021636f6d6d616e64202873697276696d65732900.skullseclabs.org]","duration":0,"family":"flow","flow":{"active_url":"/lua/flow_details.lua?flow_key=3299509580&flow_hash_id=1","cli_ip":{"label":"192.168.43.91","reference":"<a href='/lua/host_details.lua?host=192.168.43.91' data-bs-toggle='tooltip' title=''><i class='fas fa-laptop'></i></a>","value":"192.168.43.91"},"cli_port":"56354","historical_url":"","srv_ip":{"label":"4.2.2.4","reference":"<a href='/lua/host_details.lua?host=4.2.2.4' data-bs-toggle='tooltip' title=''><i class='fas fa-laptop'></i></a>","value":"4.2.2.4"},"srv_port":"53"},"l7_proto":{"label":"UDP:DNS","value":"5"},"msg":{"configset_ref":" <a href=\"/lua/admin/edit_configset.lua?subdir=flow&user_script=ndpi_suspicious_dga_domain#all\"><i class=\"fas fa-cog\" title=\"Edit Configuration\"></i></a>","description":"Suspicious DGA Domain [e18f00fdf525320021636f6d6d616e64202873697276696d65732900.skullseclabs.org]","name":"Suspicious DGA Domain","value":47},"proto":{"label":"UDP","value":"17"},"row_id":"3","score":{"color":"#ffc007","label":"51","value":51},"script_key":"ndpi_suspicious_dga_domain","severity":{"color":"#ffc007","label":"<i class='fas fa-fw fa-exclamation-triangle text-warning' style='color: #ffc007!important' title='Warning'></i> ","value":4},"tstamp":{"highlight":"#ffc007","label":"15:15:27","value":1622553327},"vlan_id":"0"}]}}
