{"success":true}
{"rc":0,"rc_str":"OK","rc_str_hr":"Success","rsp":{"success":true}}
{"rc":0,"rc_str":"OK","rc_str_hr":"Success","recordsFiltered":1,"recordsTotal":1,"rsp":{"records":[{"additional_alerts":"Suspicious DGA Domain","alert_id":{"label":"<i class=\"fas fa-fw fa-exclamation\"></i> Invalid DNS query","value":"7"},"alert_name":"<i class=\"fas fa-fw fa-exclamation\"></i> Invalid DNS query","cli_role":{"label":"Is Attacker","tag_label":"Has Attacker","value":"attacker"},"count":1,"description":"Invalid DNS query","duration":0,"family":"flow","flow":{"active_url":"/lua/flow_details.lua?flow_key=3383892960&flow_hash_id=0","cli_ip":{"label":"devel","reference":"<a href='/lua/host_details.lua?host=192.168.2.222' data-bs-toggle='tooltip' title=''><i class='fas fa-laptop'></i></a>","value":"192.168.2.222"},"cli_port":"59610","historical_url":"","srv_ip":{"label":"9.9.9.9","reference":"<a href='/lua/host_details.lua?host=9.9.9.9' data-bs-toggle='tooltip' title=''><i class='fas fa-laptop'></i></a>","value":"9.9.9.9"},"srv_port":"53"},"l7_proto":{"label":"UDP:DNS","value":"5"},"msg":{"configset_ref":" <a href=\"/lua/admin/edit_configset.lua?subdir=flow&user_script=invalid_dns_query#all\"><i class=\"fas fa-cog\" title=\"Edit Configuration\"></i></a>","description":"","name":"Invalid DNS query","value":7},"proto":{"label":"UDP","value":"17"},"row_id":"1","score":{"color":"#ff3231","label":"102","value":102},"script_key":"invalid_dns_query","severity":{"color":"#ff3231","label":"<i class='fas fa-fw fa-exclamation-triangle text-danger' style='color: #ff3231!important' title='Error'></i> ","value":5},"tstamp":{"highlight":"#ff3231","label":"08:37:10","value":1622529430},"vlan_id":"0"}]}}
