{"rc":0,"rc_str":"OK","rc_str_hr":"Success","rsp":{"0":{"config":{"flow":{"blacklisted":{"all":{"enabled":true,"script_conf":[]}},"country_check":{"all":{"enabled":false,"script_conf":{"items":[],"severity":{"color":"#ff3231","emoji":"❗","i18n_title":"alerts_dashboard.error","icon":"fas fa-fw fa-exclamation-triangle text-danger","label":"bg-danger","severity_id":5,"syslog_severity":3,"used_by_alerts":true}}}},"data_exfiltration":{"all":{"enabled":true,"script_conf":{"severity":{"color":"#ff3231","emoji":"❗","i18n_title":"alerts_dashboard.error","icon":"fas fa-fw fa-exclamation-triangle text-danger","label":"bg-danger","severity_id":5,"syslog_severity":3,"used_by_alerts":true}}}},"device_protocol_not_allowed":{"all":{"enabled":true,"script_conf":{"severity":{"color":"#ff3231","emoji":"❗","i18n_title":"alerts_dashboard.error","icon":"fas fa-fw fa-exclamation-triangle text-danger","label":"bg-danger","severity_id":5,"syslog_severity":3,"used_by_alerts":true}}}},"dns_data_exfiltration":{"all":{"enabled":true,"script_conf":{"severity":{"color":"#ff3231","emoji":"❗","i18n_title":"alerts_dashboard.error","icon":"fas fa-fw fa-exclamation-triangle text-danger","label":"bg-danger","severity_id":5,"syslog_severity":3,"used_by_alerts":true}}}},"elephant_flows":{"all":{"enabled":true,"script_conf":{"l2r_bytes_value":1073741824,"r2l_bytes_value":1073741824,"severity":{"color":"#ff3231","emoji":"❗","i18n_title":"alerts_dashboard.error","icon":"fas fa-fw fa-exclamation-triangle text-danger","label":"bg-danger","severity_id":5,"syslog_severity":3,"used_by_alerts":true}}}},"external_alert_check":{"all":{"enabled":true,"script_conf":[]}},"iec_invalid_transition":{"all":{"enabled":true,"script_conf":{"severity":{"color":"#ffc007","emoji":"⚠","i18n_title":"alerts_dashboard.warning","icon":"fas fa-fw fa-exclamation-triangle text-warning","label":"bg-warning","severity_id":4,"syslog_severity":4,"used_by_alerts":true}}}},"iec_unexpected_type_id":{"all":{"enabled":true,"script_conf":{"items":[9,13,36,45,46,48,30,103,100,37],"severity":{"color":"#ffc007","emoji":"⚠","i18n_title":"alerts_dashboard.warning","icon":"fas fa-fw fa-exclamation-triangle text-warning","label":"bg-warning","severity_id":4,"syslog_severity":4,"used_by_alerts":true}}}},"invalid_dns_query":{"all":{"enabled":true,"script_conf":{"items":["sophosxl.net"],"severity":{"color":"#ff3231","emoji":"❗","i18n_title":"alerts_dashboard.error","icon":"fas fa-fw fa-exclamation-triangle text-danger","label":"bg-danger","severity_id":5,"syslog_severity":3,"used_by_alerts":true}}}},"known_proto_on_non_std_port":{"all":{"enabled":true,"script_conf":{"severity":{"color":"#ff3231","emoji":"❗","i18n_title":"alerts_dashboard.error","icon":"fas fa-fw fa-exclamation-triangle text-danger","label":"bg-danger","severity_id":5,"syslog_severity":3,"used_by_alerts":true}}}},"long_lived":{"all":{"enabled":true,"script_conf":{"min_duration":43200,"severity":{"color":"#ff3231","emoji":"❗","i18n_title":"alerts_dashboard.error","icon":"fas fa-fw fa-exclamation-triangle text-danger","label":"bg-danger","severity_id":5,"syslog_severity":3,"used_by_alerts":true}}}},"low_goodput":{"all":{"enabled":true,"script_conf":{"severity":{"color":"#5cd65c","emoji":"ℹ","i18n_title":"alerts_dashboard.notice","icon":"fas fa-fw fa-hand-paper text-primary","label":"bg-info","severity_id":3,"syslog_severity":5,"used_by_alerts":true}}}},"ndpi_dns_suspicious_traffic":{"all":{"enabled":true,"script_conf":{"severity":{"color":"#ff3231","emoji":"❗","i18n_title":"alerts_dashboard.error","icon":"fas fa-fw fa-exclamation-triangle text-danger","label":"bg-danger","severity_id":5,"syslog_severity":3,"used_by_alerts":true}}}},"ndpi_http_numeric_ip_host":{"all":{"enabled":true,"script_conf":{"severity":{"color":"#ff3231","emoji":"❗","i18n_title":"alerts_dashboard.error","icon":"fas fa-fw fa-exclamation-triangle text-danger","label":"bg-danger","severity_id":5,"syslog_severity":3,"used_by_alerts":true}}}},"ndpi_http_suspicious_header":{"all":{"enabled":true,"script_conf":{"severity":{"color":"#ff3231","emoji":"❗","i18n_title":"alerts_dashboard.error","icon":"fas fa-fw fa-exclamation-triangle text-danger","label":"bg-danger","severity_id":5,"syslog_severity":3,"used_by_alerts":true}}}},"ndpi_http_suspicious_url":{"all":{"enabled":true,"script_conf":{"severity":{"color":"#ff3231","emoji":"❗","i18n_title":"alerts_dashboard.error","icon":"fas fa-fw fa-exclamation-triangle text-danger","label":"bg-danger","severity_id":5,"syslog_severity":3,"used_by_alerts":true}}}},"ndpi_http_suspicious_user_agent":{"all":{"enabled":true,"script_conf":{"severity":{"color":"#ff3231","emoji":"❗","i18n_title":"alerts_dashboard.error","icon":"fas fa-fw fa-exclamation-triangle text-danger","label":"bg-danger","severity_id":5,"syslog_severity":3,"used_by_alerts":true}}}},"ndpi_malformed_packet":{"all":{"enabled":true,"script_conf":{"severity":{"color":"#ff3231","emoji":"❗","i18n_title":"alerts_dashboard.error","icon":"fas fa-fw fa-exclamation-triangle text-danger","label":"bg-danger","severity_id":5,"syslog_severity":3,"used_by_alerts":true}}}},"ndpi_smb_insecure_version":{"all":{"enabled":true,"script_conf":{"severity":{"color":"#ff3231","emoji":"❗","i18n_title":"alerts_dashboard.error","icon":"fas fa-fw fa-exclamation-triangle text-danger","label":"bg-danger","severity_id":5,"syslog_severity":3,"used_by_alerts":true}}}},"ndpi_ssh_obsolete":{"all":{"enabled":true,"script_conf":{"severity":{"color":"#ff3231","emoji":"❗","i18n_title":"alerts_dashboard.error","icon":"fas fa-fw fa-exclamation-triangle text-danger","label":"bg-danger","severity_id":5,"syslog_severity":3,"used_by_alerts":true}}}},"ndpi_suspicious_dga_domain":{"all":{"enabled":true,"script_conf":{"severity":{"color":"#ff3231","emoji":"❗","i18n_title":"alerts_dashboard.error","icon":"fas fa-fw fa-exclamation-triangle text-danger","label":"bg-danger","severity_id":5,"syslog_severity":3,"used_by_alerts":true}}}},"ndpi_tls_missing_sni":{"all":{"enabled":true,"script_conf":{"severity":{"color":"#ff3231","emoji":"❗","i18n_title":"alerts_dashboard.error","icon":"fas fa-fw fa-exclamation-triangle text-danger","label":"bg-danger","severity_id":5,"syslog_severity":3,"used_by_alerts":true}}}},"ndpi_tls_not_carrying_https":{"all":{"enabled":true,"script_conf":{"severity":{"color":"#ff3231","emoji":"❗","i18n_title":"alerts_dashboard.error","icon":"fas fa-fw fa-exclamation-triangle text-danger","label":"bg-danger","severity_id":5,"syslog_severity":3,"used_by_alerts":true}}}},"ndpi_tls_suspicious_esni_usage":{"all":{"enabled":true,"script_conf":{"severity":{"color":"#ff3231","emoji":"❗","i18n_title":"alerts_dashboard.error","icon":"fas fa-fw fa-exclamation-triangle text-danger","label":"bg-danger","severity_id":5,"syslog_severity":3,"used_by_alerts":true}}}},"ndpi_unsafe_protocol":{"all":{"enabled":true,"script_conf":{"severity":{"color":"#ffc007","emoji":"⚠","i18n_title":"alerts_dashboard.warning","icon":"fas fa-fw fa-exclamation-triangle text-warning","label":"bg-warning","severity_id":4,"syslog_severity":4,"used_by_alerts":true}}}},"ndpi_url_possible_rce_injection":{"all":{"enabled":true,"script_conf":{"severity":{"color":"#ff3231","emoji":"❗","i18n_title":"alerts_dashboard.error","icon":"fas fa-fw fa-exclamation-triangle text-danger","label":"bg-danger","severity_id":5,"syslog_severity":3,"used_by_alerts":true}}}},"ndpi_url_possible_sql_injection":{"all":{"enabled":true,"script_conf":{"severity":{"color":"#ff3231","emoji":"❗","i18n_title":"alerts_dashboard.error","icon":"fas fa-fw fa-exclamation-triangle text-danger","label":"bg-danger","severity_id":5,"syslog_severity":3,"used_by_alerts":true}}}},"ndpi_url_possible_xss":{"all":{"enabled":true,"script_conf":{"severity":{"color":"#ff3231","emoji":"❗","i18n_title":"alerts_dashboard.error","icon":"fas fa-fw fa-exclamation-triangle text-danger","label":"bg-danger","severity_id":5,"syslog_severity":3,"used_by_alerts":true}}}},"nedge_blocked":{"all":{"enabled":true,"script_conf":{"severity":{"color":"#c1f0c1","emoji":"ℹ","i18n_title":"alerts_dashboard.info","icon":"fas fa-fw fa-info-circle text-info","label":"bg-info","severity_id":2,"syslog_severity":6,"used_by_alerts":true}}}},"not_purged":{"all":{"enabled":true,"script_conf":{"severity":{"color":"#ff3231","emoji":"❗","i18n_title":"alerts_dashboard.error","icon":"fas fa-fw fa-exclamation-triangle text-danger","label":"bg-danger","severity_id":5,"syslog_severity":3,"used_by_alerts":true}}}},"potentially_dangerous":{"all":{"enabled":true,"script_conf":{"severity":{"color":"#ff3231","emoji":"❗","i18n_title":"alerts_dashboard.error","icon":"fas fa-fw fa-exclamation-triangle text-danger","label":"bg-danger","severity_id":5,"syslog_severity":3,"used_by_alerts":true}}}},"remote_access":{"all":{"enabled":true,"script_conf":{"severity":{"color":"#5cd65c","emoji":"ℹ","i18n_title":"alerts_dashboard.notice","icon":"fas fa-fw fa-hand-paper text-primary","label":"bg-info","severity_id":3,"syslog_severity":5,"used_by_alerts":true}}}},"remote_to_local_insecure_proto":{"all":{"enabled":true,"script_conf":{"severity":{"color":"#ffc007","emoji":"⚠","i18n_title":"alerts_dashboard.warning","icon":"fas fa-fw fa-exclamation-triangle text-warning","label":"bg-warning","severity_id":4,"syslog_severity":4,"used_by_alerts":true}}}},"remote_to_remote":{"all":{"enabled":false,"script_conf":{"severity":{"color":"#5cd65c","emoji":"ℹ","i18n_title":"alerts_dashboard.notice","icon":"fas fa-fw fa-hand-paper text-primary","label":"bg-info","severity_id":3,"syslog_severity":5,"used_by_alerts":true}}}},"suspicious_file_transfer":{"all":{"enabled":true,"script_conf":{"severity":{"color":"#ff3231","emoji":"❗","i18n_title":"alerts_dashboard.error","icon":"fas fa-fw fa-exclamation-triangle text-danger","label":"bg-danger","severity_id":5,"syslog_severity":3,"used_by_alerts":true}}}},"suspicious_tcp_probing":{"all":{"enabled":true,"script_conf":{"severity":{"color":"#5cd65c","emoji":"ℹ","i18n_title":"alerts_dashboard.notice","icon":"fas fa-fw fa-hand-paper text-primary","label":"bg-info","severity_id":3,"syslog_severity":5,"used_by_alerts":true}}}},"suspicious_tcp_syn_probing":{"all":{"enabled":true,"script_conf":{"severity":{"color":"#c1f0c1","emoji":"ℹ","i18n_title":"alerts_dashboard.info","icon":"fas fa-fw fa-info-circle text-info","label":"bg-info","severity_id":2,"syslog_severity":6,"used_by_alerts":true}}}},"tcp_connection_refused":{"all":{"enabled":true,"script_conf":{"severity":{"color":"#c1f0c1","emoji":"ℹ","i18n_title":"alerts_dashboard.info","icon":"fas fa-fw fa-info-circle text-info","label":"bg-info","severity_id":2,"syslog_severity":6,"used_by_alerts":true}}}},"tcp_issues_generic":{"all":{"enabled":true,"script_conf":{"severity":{"color":"#ffc007","emoji":"⚠","i18n_title":"alerts_dashboard.warning","icon":"fas fa-fw fa-exclamation-triangle text-warning","label":"bg-warning","severity_id":4,"syslog_severity":4,"used_by_alerts":true}}}},"tcp_no_data_exchanged":{"all":{"enabled":true,"script_conf":{"severity":{"color":"#ffc007","emoji":"⚠","i18n_title":"alerts_dashboard.warning","icon":"fas fa-fw fa-exclamation-triangle text-warning","label":"bg-warning","severity_id":4,"syslog_severity":4,"used_by_alerts":true}}}},"tls_certificate_expired":{"all":{"enabled":true,"script_conf":{"severity":{"color":"#ff3231","emoji":"❗","i18n_title":"alerts_dashboard.error","icon":"fas fa-fw fa-exclamation-triangle text-danger","label":"bg-danger","severity_id":5,"syslog_severity":3,"used_by_alerts":true}}}},"tls_certificate_mismatch":{"all":{"enabled":true,"script_conf":{"severity":{"color":"#ff3231","emoji":"❗","i18n_title":"alerts_dashboard.error","icon":"fas fa-fw fa-exclamation-triangle text-danger","label":"bg-danger","severity_id":5,"syslog_severity":3,"used_by_alerts":true}}}},"tls_certificate_selfsigned":{"all":{"enabled":true,"script_conf":{"severity":{"color":"#ff3231","emoji":"❗","i18n_title":"alerts_dashboard.error","icon":"fas fa-fw fa-exclamation-triangle text-danger","label":"bg-danger","severity_id":5,"syslog_severity":3,"used_by_alerts":true}}}},"tls_malicious_signature":{"all":{"enabled":true,"script_conf":{"severity":{"color":"#ff3231","emoji":"❗","i18n_title":"alerts_dashboard.error","icon":"fas fa-fw fa-exclamation-triangle text-danger","label":"bg-danger","severity_id":5,"syslog_severity":3,"used_by_alerts":true}}}},"tls_old_protocol_version":{"all":{"enabled":true,"script_conf":{"severity":{"color":"#ff3231","emoji":"❗","i18n_title":"alerts_dashboard.error","icon":"fas fa-fw fa-exclamation-triangle text-danger","label":"bg-danger","severity_id":5,"syslog_severity":3,"used_by_alerts":true}}}},"tls_unsafe_ciphers":{"all":{"enabled":true,"script_conf":{"severity":{"color":"#ff3231","emoji":"❗","i18n_title":"alerts_dashboard.error","icon":"fas fa-fw fa-exclamation-triangle text-danger","label":"bg-danger","severity_id":5,"syslog_severity":3,"used_by_alerts":true}}}},"udp_unidirectional":{"all":{"enabled":true,"script_conf":{"severity":{"color":"#5cd65c","emoji":"ℹ","i18n_title":"alerts_dashboard.notice","icon":"fas fa-fw fa-hand-paper text-primary","label":"bg-info","severity_id":3,"syslog_severity":5,"used_by_alerts":true}}}},"unexpected_dhcp":{"all":{"enabled":false,"script_conf":{"items":[],"severity":{"color":"#ff3231","emoji":"❗","i18n_title":"alerts_dashboard.error","icon":"fas fa-fw fa-exclamation-triangle text-danger","label":"bg-danger","severity_id":5,"syslog_severity":3,"used_by_alerts":true}}}},"unexpected_dns":{"all":{"enabled":false,"script_conf":{"items":[],"severity":{"color":"#ff3231","emoji":"❗","i18n_title":"alerts_dashboard.error","icon":"fas fa-fw fa-exclamation-triangle text-danger","label":"bg-danger","severity_id":5,"syslog_severity":3,"used_by_alerts":true}}}},"unexpected_ntp":{"all":{"enabled":false,"script_conf":{"items":[],"severity":{"color":"#ff3231","emoji":"❗","i18n_title":"alerts_dashboard.error","icon":"fas fa-fw fa-exclamation-triangle text-danger","label":"bg-danger","severity_id":5,"syslog_severity":3,"used_by_alerts":true}}}},"unexpected_smtp":{"all":{"enabled":false,"script_conf":{"items":[],"severity":{"color":"#ff3231","emoji":"❗","i18n_title":"alerts_dashboard.error","icon":"fas fa-fw fa-exclamation-triangle text-danger","label":"bg-danger","severity_id":5,"syslog_severity":3,"used_by_alerts":true}}}},"web_mining":{"all":{"enabled":true,"script_conf":{"items":[],"severity":{"color":"#ff3231","emoji":"❗","i18n_title":"alerts_dashboard.error","icon":"fas fa-fw fa-exclamation-triangle text-danger","label":"bg-danger","severity_id":5,"syslog_severity":3,"used_by_alerts":true}}}},"zero_tcp_window":{"all":{"enabled":true,"script_conf":{"severity":{"color":"#ffc007","emoji":"⚠","i18n_title":"alerts_dashboard.warning","icon":"fas fa-fw fa-exclamation-triangle text-warning","label":"bg-warning","severity_id":4,"syslog_severity":4,"used_by_alerts":true}}}}},"host":{"dns":{"min":{"enabled":false,"script_conf":{"operator":"gt","severity":{"color":"#ff3231","emoji":"❗","i18n_title":"alerts_dashboard.error","icon":"fas fa-fw fa-exclamation-triangle text-danger","label":"bg-danger","severity_id":5,"syslog_severity":3,"used_by_alerts":true}}}},"dns_contacts":{"min":{"enabled":false,"script_conf":{"operator":"gt","severity":{"color":"#ff3231","emoji":"❗","i18n_title":"alerts_dashboard.error","icon":"fas fa-fw fa-exclamation-triangle text-danger","label":"bg-danger","severity_id":5,"syslog_severity":3,"used_by_alerts":true},"threshold":5}}},"flow_flood":{"min":{"enabled":false,"script_conf":{"operator":"gt","severity":{"color":"#ff3231","emoji":"❗","i18n_title":"alerts_dashboard.error","icon":"fas fa-fw fa-exclamation-triangle text-danger","label":"bg-danger","severity_id":5,"syslog_severity":3,"used_by_alerts":true},"threshold":256}}},"flows_anomaly":{"min":{"enabled":true,"script_conf":{"severity":{"color":"#ffc007","emoji":"⚠","i18n_title":"alerts_dashboard.warning","icon":"fas fa-fw fa-exclamation-triangle text-warning","label":"bg-warning","severity_id":4,"syslog_severity":4,"used_by_alerts":true}}}},"host_ban":{"min":{"enabled":false,"script_conf":{"operator":"gt","severity":{"color":"#ff3231","emoji":"❗","i18n_title":"alerts_dashboard.error","icon":"fas fa-fw fa-exclamation-triangle text-danger","label":"bg-danger","severity_id":5,"syslog_severity":3,"used_by_alerts":true},"threshold":"1000"}}},"ntp_contacts":{"min":{"enabled":false,"script_conf":{"operator":"gt","severity":{"color":"#ff3231","emoji":"❗","i18n_title":"alerts_dashboard.error","icon":"fas fa-fw fa-exclamation-triangle text-danger","label":"bg-danger","severity_id":5,"syslog_severity":3,"used_by_alerts":true},"threshold":5}}},"p2p":{"min":{"enabled":false,"script_conf":{"operator":"gt","severity":{"color":"#ff3231","emoji":"❗","i18n_title":"alerts_dashboard.error","icon":"fas fa-fw fa-exclamation-triangle text-danger","label":"bg-danger","severity_id":5,"syslog_severity":3,"used_by_alerts":true}}}},"remote_connection":{"min":{"enabled":false,"script_conf":{"severity":{"color":"#5cd65c","emoji":"ℹ","i18n_title":"alerts_dashboard.notice","icon":"fas fa-fw fa-hand-paper text-primary","label":"bg-info","severity_id":3,"syslog_severity":5,"used_by_alerts":true}}}},"score_anomaly":{"min":{"enabled":true,"script_conf":{"severity":{"color":"#ffc007","emoji":"⚠","i18n_title":"alerts_dashboard.warning","icon":"fas fa-fw fa-exclamation-triangle text-warning","label":"bg-warning","severity_id":4,"syslog_severity":4,"used_by_alerts":true}}}},"smtp_contacts":{"min":{"enabled":false,"script_conf":{"operator":"gt","severity":{"color":"#ff3231","emoji":"❗","i18n_title":"alerts_dashboard.error","icon":"fas fa-fw fa-exclamation-triangle text-danger","label":"bg-danger","severity_id":5,"syslog_severity":3,"used_by_alerts":true},"threshold":5}}},"syn_flood":{"min":{"enabled":false,"script_conf":{"operator":"gt","severity":{"color":"#ff3231","emoji":"❗","i18n_title":"alerts_dashboard.error","icon":"fas fa-fw fa-exclamation-triangle text-danger","label":"bg-danger","severity_id":5,"syslog_severity":3,"used_by_alerts":true},"threshold":256}}},"syn_scan":{"min":{"enabled":false,"script_conf":{"operator":"gt","severity":{"color":"#ff3231","emoji":"❗","i18n_title":"alerts_dashboard.error","icon":"fas fa-fw fa-exclamation-triangle text-danger","label":"bg-danger","severity_id":5,"syslog_severity":3,"used_by_alerts":true},"threshold":256}}}},"interface":{"dropped_alerts":{"min":{"enabled":true,"script_conf":[]}},"excessive_traffic":{"day":{"enabled":false,"script_conf":[]}},"ghost_networks":{"min":{"enabled":true,"script_conf":[]}},"lateral_movement":{"min":{"enabled":true,"script_conf":[]}},"no_if_activity":{"min":{"enabled":true,"script_conf":[]}},"periodic_activity_not_executed":{"min":{"enabled":true,"script_conf":[]}},"periodicity_update":{"min":{"enabled":true,"script_conf":[]}},"pool_quota_exceeded":{"min":{"enabled":false,"script_conf":{"severity":{"color":"#ffc007","emoji":"⚠","i18n_title":"alerts_dashboard.warning","icon":"fas fa-fw fa-exclamation-triangle text-warning","label":"bg-warning","severity_id":4,"syslog_severity":4,"used_by_alerts":true}}}},"slow_periodic_activity":{"min":{"enabled":true,"script_conf":[]}},"slow_purge":{"min":{"enabled":true,"script_conf":{"operator":"gt","threshold":50}}},"too_many_drops":{"min":{"enabled":true,"script_conf":{"operator":"gt","threshold":5}}},"unexpected_new_device":{"min":{"enabled":false,"script_conf":{"items":[]}}}},"network":{"egress":{"min":{"enabled":false,"script_conf":{"operator":"gt","severity":{"color":"#ff3231","emoji":"❗","i18n_title":"alerts_dashboard.error","icon":"fas fa-fw fa-exclamation-triangle text-danger","label":"bg-danger","severity_id":5,"syslog_severity":3,"used_by_alerts":true},"threshold":1073741824}}},"flow_flood_victim":{"min":{"enabled":false,"script_conf":{"operator":"gt","severity":{"color":"#ff3231","emoji":"❗","i18n_title":"alerts_dashboard.error","icon":"fas fa-fw fa-exclamation-triangle text-danger","label":"bg-danger","severity_id":5,"syslog_severity":3,"used_by_alerts":true},"threshold":32768}}},"ingress":{"min":{"enabled":false,"script_conf":{"operator":"gt","severity":{"color":"#ff3231","emoji":"❗","i18n_title":"alerts_dashboard.error","icon":"fas fa-fw fa-exclamation-triangle text-danger","label":"bg-danger","severity_id":5,"syslog_severity":3,"used_by_alerts":true},"threshold":1073741824}}},"inner":{"min":{"enabled":false,"script_conf":{"operator":"gt","severity":{"color":"#ff3231","emoji":"❗","i18n_title":"alerts_dashboard.error","icon":"fas fa-fw fa-exclamation-triangle text-danger","label":"bg-danger","severity_id":5,"syslog_severity":3,"used_by_alerts":true},"threshold":1073741824}}},"syn_flood_victim":{"min":{"enabled":false,"script_conf":{"operator":"gt","severity":{"color":"#ff3231","emoji":"❗","i18n_title":"alerts_dashboard.error","icon":"fas fa-fw fa-exclamation-triangle text-danger","label":"bg-danger","severity_id":5,"syslog_severity":3,"used_by_alerts":true},"threshold":32768}}},"syn_scan_victim":{"min":{"enabled":false,"script_conf":{"operator":"gt","severity":{"color":"#ff3231","emoji":"❗","i18n_title":"alerts_dashboard.error","icon":"fas fa-fw fa-exclamation-triangle text-danger","label":"bg-danger","severity_id":5,"syslog_severity":3,"used_by_alerts":true},"threshold":32768}}}},"snmp_device":{"lldp_topology_changed":{"all":{"enabled":false,"script_conf":[]}},"snmp_device_interface_discards_errors":{"all":{"enabled":true,"script_conf":[]}},"snmp_device_interface_duplex_status_change":{"all":{"enabled":true,"script_conf":[]}},"snmp_device_interface_load":{"all":{"enabled":true,"script_conf":{"operator":"gt","threshold":99}}},"snmp_device_interface_mac_changed":{"all":{"enabled":true,"script_conf":[]}},"snmp_device_interface_status_change":{"all":{"enabled":true,"script_conf":[]}},"snmp_device_reset":{"all":{"enabled":true,"script_conf":[]}}},"syslog":{"fortinet":{"all":{"enabled":true,"script_conf":{"operator":"lt","threshold":5}}},"host_log":{"all":{"enabled":true,"script_conf":{"operator":"lt","threshold":5}}},"ngi_trust":{"all":{"enabled":true,"script_conf":[]}},"openvpn":{"all":{"enabled":true,"script_conf":{"operator":"lt","threshold":5}}},"opnsense":{"all":{"enabled":true,"script_conf":{"operator":"lt","threshold":5}}},"sonicwall":{"all":{"enabled":true,"script_conf":{"operator":"lt","threshold":5}}},"sophos":{"all":{"enabled":true,"script_conf":{"operator":"lt","threshold":5}}},"suricata":{"all":{"enabled":true,"script_conf":[]}}},"system":{"active_monitoring":{"5mins":{"enabled":true,"script_conf":[]},"hour":{"enabled":true,"script_conf":[]},"min":{"enabled":true,"script_conf":[]}},"alerts_ts":{"min":{"enabled":true,"script_conf":[]}},"disk_monitor":{"hour":{"enabled":true,"script_conf":[]}},"dropped_alerts":{"min":{"enabled":true,"script_conf":[]}},"influxdb_monitor":{"5mins":{"enabled":true,"script_conf":[]},"min":{"enabled":true,"script_conf":[]}},"memory_ts":{"min":{"enabled":true,"script_conf":[]}},"periodic_activity_not_executed":{"min":{"enabled":true,"script_conf":[]}},"redis_monitor":{"min":{"enabled":true,"script_conf":[]}},"slow_periodic_activity":{"min":{"enabled":true,"script_conf":[]}}}},"filters":{"flow":{"elephant_flows":[{"l7_cat":"DataTransfer"},{"l7_cat":"Cloud"},{"l7_cat":"SoftwareUpdate"},{"l7_cat":"Streaming"},{"l7_cat":"VPN"}],"long_lived":[{"l7_cat":"Database"}],"low_goodput":[{"l7_proto":8},{"l7_proto":26},{"l7_proto":39},{"l7_proto":48},{"l7_proto":65},{"l7_proto":77},{"l7_proto":92},{"l7_proto":142},{"l7_proto":185},{"l7_proto":193},{"l7_proto":197}]}}}}}
