{"rc":0,"rc_str":"OK","rc_str_hr":"Success","rsp":[{"key":23,"type":"alert_tls_certificate_mismatch"},{"key":6,"type":"host_alert_tcp_syn_flood"},{"key":10,"type":"host_alert_flow_anomaly"},{"key":10,"type":"alert_external"},{"key":4119,"type":"alert_am_threshold_cross"},{"key":27,"type":"alert_web_mining"},{"key":9,"type":"host_alert_dns_traffic"},{"key":4103,"type":"alert_host_pool_connection"},{"key":26,"type":"alert_udp_unidirectional"},{"key":4165,"type":"alert_ngi_trust_event"},{"key":22,"type":"alert_tls_certificate_expired"},{"key":5,"type":"alert_device_protocol_not_allowed"},{"key":4,"type":"alert_data_exfiltration"},{"key":14,"type":"alert_internals"},{"key":52,"type":"alert_ndpi_unsafe_protocol"},{"key":29,"type":"alert_suspicious_file_transfer"},{"key":19,"type":"alert_connection_issues"},{"key":4140,"type":"alert_user_script_calls_drops"},{"key":5,"type":"host_alert_tcp_syn_scan"},{"key":3,"type":"alert_flow_blocked"},{"key":4109,"type":"alert_ip_outsite_dhcp_range"},{"key":34,"type":"alert_unexpected_smtp_server"},{"key":7,"type":"alert_dns_invalid_query"},{"key":4097,"type":"alert_device_connection"},{"key":4137,"type":"alert_too_many_drops"},{"key":41,"type":"alert_ndpi_url_possible_rce_injection"},{"key":4099,"type":"alert_dropped_alerts"},{"key":24,"type":"alert_tls_old_protocol_version"},{"key":45,"type":"alert_ndpi_http_suspicious_header"},{"key":25,"type":"alert_tls_unsafe_ciphers"},{"key":2,"type":"alert_blacklisted_country"},{"key":4155,"type":"alert_tcp_syn_flood_victim"},{"key":4129,"type":"alert_slow_purge"},{"key":4145,"type":"alert_list_download_succeeded"},{"key":56,"type":"alert_flow_tcp_no_data_exchanged"},{"key":48,"type":"alert_ndpi_malformed_packet"},{"key":4112,"type":"alert_mac_ip_association_change"},{"key":4,"type":"host_alert_flow_flood"},{"key":35,"type":"alert_unexpected_ntp_server"},{"key":4157,"type":"alert_tcp_syn_scan_victim"},{"key":16,"type":"alert_remote_to_remote"},{"key":4166,"type":"alert_excessive_traffic"},{"key":49,"type":"alert_ndpi_ssh_obsolete"},{"key":42,"type":"alert_ndpi_http_suspicious_user_agent"},{"key":4126,"type":"alert_quota_exceeded"},{"key":55,"type":"alert_iec_unexpected_type_id"},{"key":4142,"type":"alert_attack_mitigation_via_snmp"},{"key":4159,"type":"alert_contacts_anomaly"},{"key":4111,"type":"alert_login_failed"},{"key":4125,"type":"alert_process_notification"},{"key":4102,"type":"alert_ghost_network"},{"key":4136,"type":"alert_threshold_cross"},{"key":8,"type":"alert_elephant_flow"},{"key":47,"type":"alert_ndpi_suspicious_dga_domain"},{"key":20,"type":"alert_tcp_connection_refused"},{"key":43,"type":"alert_ndpi_http_numeric_ip_host"},{"key":4130,"type":"alert_snmp_device_reset"},{"key":4139,"type":"alert_user_activity"},{"key":4110,"type":"alert_list_download_failed"},{"key":4107,"type":"alert_influxdb_export_failure"},{"key":4124,"type":"alert_port_status_change"},{"key":36,"type":"alert_zero_tcp_window"},{"key":40,"type":"alert_ndpi_url_possible_sql_injection"},{"key":1,"type":"alert_flow_blacklisted"},{"key":4118,"type":"alert_periodic_activity_not_executed"},{"key":4114,"type":"alert_misconfigured_app"},{"key":4153,"type":"alert_flow_flood_victim"},{"key":12,"type":"host_alert_remote_connection"},{"key":4106,"type":"alert_influxdb_error"},{"key":4146,"type":"alert_no_if_activity"},{"key":38,"type":"alert_remote_to_local_insecure_proto"},{"key":4122,"type":"alert_port_load_threshold_exceeded"},{"key":4131,"type":"alert_snmp_topology_changed"},{"key":53,"type":"alert_ndpi_dns_suspicious_traffic"},{"key":39,"type":"alert_ndpi_url_possible_xss"},{"key":4104,"type":"alert_host_pool_disconnection"},{"key":11,"type":"alert_longlived"},{"key":44,"type":"alert_ndpi_http_suspicious_url"},{"key":4144,"type":"alert_lateral_movement"},{"key":4151,"type":"alert_fail2ban_executed"},{"key":4164,"type":"alert_broadcast_domain_too_large"},{"key":33,"type":"alert_unexpected_dns_server"},{"key":15,"type":"alert_potentially_dangerous_protocol"},{"key":51,"type":"alert_ndpi_tls_suspicious_esni_usage"},{"key":4123,"type":"alert_port_mac_changed"},{"key":6,"type":"alert_dns_data_exfiltration"},{"key":50,"type":"alert_ndpi_smb_insecure_version"},{"key":4116,"type":"alert_nfq_flushed"},{"key":4121,"type":"alert_port_errors"},{"key":57,"type":"alert_remote_access"},{"key":4128,"type":"alert_slow_periodic_activity"},{"key":14,"type":"host_alert_host_ban"},{"key":28,"type":"alert_tls_certificate_selfsigned"},{"key":4149,"type":"alert_periodicity_update"},{"key":4098,"type":"alert_device_disconnection"},{"key":30,"type":"alert_known_proto_on_non_std_port"},{"key":4148,"type":"alert_shell_script_executed"},{"key":3,"type":"host_alert_ntp_server_contacts"},{"key":4147,"type":"alert_unexpected_new_device"},{"key":13,"type":"host_alert_host_log"},{"key":32,"type":"alert_unexpected_dhcp_server"},{"key":8,"type":"host_alert_p2p_traffic"},{"key":2,"type":"host_alert_dns_server_contacts"},{"key":4120,"type":"alert_port_duplexstatus_change"},{"key":37,"type":"alert_iec_invalid_transition"},{"key":31,"type":"alert_flow_risk"},{"key":1,"type":"host_alert_smtp_server_contacts"},{"key":13,"type":"alert_malicious_signature"},{"key":11,"type":"host_alert_score_anomaly"},{"key":54,"type":"alert_ndpi_tls_missing_sni"},{"key":46,"type":"alert_ndpi_tls_not_carrying_https"},{"key":12,"type":"alert_flow_low_goodput"}]}
