{"success":true}
{"rc":0,"rc_str":"OK","rc_str_hr":"Success","recordsTotal":3,"rsp":{"records":[{"additional_alerts":"Suspicious DGA Domain, Remote Access","alert_id":{"label":"<i class=\"fas fa-fw fa-exclamation\"></i> Unsafe Protocol","value":"52"},"alert_name":"<i class=\"fas fa-fw fa-exclamation\"></i> Unsafe Protocol","cli_role":{"label":"Is Attacker","tag_label":"Has Attacker","value":"attacker"},"count":1,"description":"Unsafe Protocol","duration":0,"family":"flow","flow":{"active_url":"/lua/flow_details.lua?flow_key=4007958761&flow_hash_id=1","cli_ip":{"label":"192.168.1.252","reference":"<a href='/lua/host_details.lua?host=192.168.1.252' data-bs-toggle='tooltip' title=''><i class='fas fa-laptop'></i></a>","value":"192.168.1.252"},"cli_port":"51111","historical_url":"","srv_ip":{"label":"www.e6r5p57kbafwrxj3plz.com","reference":"<a href='/lua/host_details.lua?host=46.59.52.31' data-bs-toggle='tooltip' title=''><i class='fas fa-laptop'></i></a>","value":"46.59.52.31"},"srv_port":"443"},"l7_proto":{"label":"TCP:TLS.Tor","value":"163"},"msg":{"configset_ref":" <a href=\"/lua/admin/edit_configset.lua?subdir=flow&user_script=ndpi_unsafe_protocol#all\"><i class=\"fas fa-cog\" title=\"Edit Configuration\"></i></a>","description":"","name":"Unsafe Protocol","value":52},"proto":{"label":"TCP","value":"6"},"row_id":"1","score":{"color":"#ff3231","label":"154","value":154},"script_key":"ndpi_unsafe_protocol","severity":{"color":"#ff3231","label":"<i class='fas fa-fw fa-exclamation-triangle text-danger' style='color: #ff3231!important' title='Error'></i> ","value":5},"tstamp":{"highlight":"#ff3231","label":"12:50:48","value":1622631048},"vlan_id":"0"},{"additional_alerts":"Suspicious DGA Domain, Remote Access","alert_id":{"label":"<i class=\"fas fa-fw fa-exclamation\"></i> Unsafe Protocol","value":"52"},"alert_name":"<i class=\"fas fa-fw fa-exclamation\"></i> Unsafe Protocol","cli_role":{"label":"Is Attacker","tag_label":"Has Attacker","value":"attacker"},"count":1,"description":"Unsafe Protocol","duration":0,"family":"flow","flow":{"active_url":"/lua/flow_details.lua?flow_key=3884887039&flow_hash_id=2","cli_ip":{"label":"192.168.1.252","reference":"<a href='/lua/host_details.lua?host=192.168.1.252' data-bs-toggle='tooltip' title=''><i class='fas fa-laptop'></i></a>","value":"192.168.1.252"},"cli_port":"51112","historical_url":"","srv_ip":{"label":"www.q4cyamnc6mtokjurvdclt.com","reference":"<a href='/lua/host_details.lua?host=38.229.70.53' data-bs-toggle='tooltip' title=''><i class='fas fa-laptop'></i></a>","value":"38.229.70.53"},"srv_port":"443"},"l7_proto":{"label":"TCP:TLS.Tor","value":"163"},"msg":{"configset_ref":" <a href=\"/lua/admin/edit_configset.lua?subdir=flow&user_script=ndpi_unsafe_protocol#all\"><i class=\"fas fa-cog\" title=\"Edit Configuration\"></i></a>","description":"","name":"Unsafe Protocol","value":52},"proto":{"label":"TCP","value":"6"},"row_id":"2","score":{"color":"#ff3231","label":"154","value":154},"script_key":"ndpi_unsafe_protocol","severity":{"color":"#ff3231","label":"<i class='fas fa-fw fa-exclamation-triangle text-danger' style='color: #ff3231!important' title='Error'></i> ","value":5},"tstamp":{"highlight":"#ff3231","label":"12:50:48","value":1622631048},"vlan_id":"0"},{"additional_alerts":"Suspicious DGA Domain, Remote Access","alert_id":{"label":"<i class=\"fas fa-fw fa-exclamation\"></i> Unsafe Protocol","value":"52"},"alert_name":"<i class=\"fas fa-fw fa-exclamation\"></i> Unsafe Protocol","cli_role":{"label":"Is Attacker","tag_label":"Has Attacker","value":"attacker"},"count":1,"description":"Unsafe Protocol","duration":0,"family":"flow","flow":{"active_url":"/lua/flow_details.lua?flow_key=473498300&flow_hash_id=7","cli_ip":{"label":"192.168.1.252","reference":"<a href='/lua/host_details.lua?host=192.168.1.252' data-bs-toggle='tooltip' title=''><i class='fas fa-laptop'></i></a>","value":"192.168.1.252"},"cli_port":"51175","historical_url":"","srv_ip":{"label":"www.ct7ctrgb6cr7.com","reference":"<a href='/lua/host_details.lua?host=91.143.93.242' data-bs-toggle='tooltip' title=''><i class='fas fa-laptop'></i></a>","value":"91.143.93.242"},"srv_port":"443"},"l7_proto":{"label":"TCP:TLS.Tor","value":"163"},"msg":{"configset_ref":" <a href=\"/lua/admin/edit_configset.lua?subdir=flow&user_script=ndpi_unsafe_protocol#all\"><i class=\"fas fa-cog\" title=\"Edit Configuration\"></i></a>","description":"","name":"Unsafe Protocol","value":52},"proto":{"label":"TCP","value":"6"},"row_id":"3","score":{"color":"#ff3231","label":"154","value":154},"script_key":"ndpi_unsafe_protocol","severity":{"color":"#ff3231","label":"<i class='fas fa-fw fa-exclamation-triangle text-danger' style='color: #ff3231!important' title='Error'></i> ","value":5},"srv_role":{"label":"Is Attacker","tag_label":"Has Attacker","value":"attacker"},"tstamp":{"highlight":"#ff3231","label":"12:50:48","value":1622631048},"vlan_id":"0"}]}}
