{"success":true}
{"rc":0,"rc_str":"OK","rc_str_hr":"Success","recordsTotal":1,"rsp":{"records":[{"additional_alerts":"TLS not carrying HTTPS, Missing TLS SNI","alert_id":{"label":"<i class=\"fas fa-fw fa-exclamation\"></i> Remote to Remote","value":"16"},"alert_name":"<i class=\"fas fa-fw fa-exclamation\"></i> Remote to Remote","count":1,"description":"Remote to Remote","duration":0,"family":"flow","flow":{"active_url":"/lua/flow_details.lua?flow_key=362652409&flow_hash_id=0","cli_ip":{"label":"10.206.131.18@258","reference":"<a href='/lua/host_details.lua?host=10.206.131.18@258' data-bs-toggle='tooltip' title=''><i class='fas fa-laptop'></i></a>","value":"10.206.131.18@258"},"cli_port":"58657","historical_url":"","srv_ip":{"label":"10.206.65.249@258","reference":"<a href='/lua/host_details.lua?host=10.206.65.249@258' data-bs-toggle='tooltip' title=''><i class='fas fa-laptop'></i></a>","value":"10.206.65.249@258"},"srv_port":"443"},"l7_proto":{"label":"TCP:TLS","value":"91"},"msg":{"configset_ref":" <a href=\"/lua/admin/edit_configset.lua?subdir=flow&user_script=remote_to_remote#all\"><i class=\"fas fa-cog\" title=\"Edit Configuration\"></i></a>","description":"","name":"Remote to Remote","value":16},"proto":{"label":"TCP","value":"6"},"row_id":"1","score":{"color":"#5cd65c","label":"42","value":42},"script_key":"remote_to_remote","severity":{"color":"#5cd65c","label":"<i class='fas fa-fw fa-hand-paper text-primary' style='color: #5cd65c!important' title='Notice'></i> ","value":3},"tstamp":{"highlight":"#5cd65c","label":"12:50:26","value":1622631026},"vlan_id":"258"}]}}
