{"success":true}
{"rc":0,"rc_str":"OK","rc_str_hr":"Success","recordsTotal":4,"rsp":{"records":[{"additional_alerts":"nil","alert_id":{"label":"<i class=\"fas fa-fw fa-exclamation\"></i> Suspicious DGA Domain","value":"47"},"alert_name":"<i class=\"fas fa-fw fa-exclamation\"></i> Suspicious DGA Domain","cli_role":{"label":"Is Attacker","tag_label":"Has Attacker","value":"attacker"},"count":1,"description":"Suspicious DGA Domain [cdn.krxd.net]","duration":0,"family":"flow","flow":{"active_url":"/lua/flow_details.lua?flow_key=2169537386&flow_hash_id=18","cli_ip":{"label":"Lucas iMac","reference":"<a href='/lua/host_details.lua?host=192.168.1.93' data-bs-toggle='tooltip' title=''><i class='fas fa-laptop'></i></a>","value":"192.168.1.93"},"cli_port":"64331","historical_url":"","srv_ip":{"label":"192.168.1.1","reference":"<a href='/lua/host_details.lua?host=192.168.1.1' data-bs-toggle='tooltip' title=''><i class='fas fa-laptop'></i></a>","value":"192.168.1.1"},"srv_port":"53"},"l7_proto":{"label":"UDP:DNS","value":"5"},"msg":{"configset_ref":" <a href=\"/lua/admin/edit_configset.lua?subdir=flow&user_script=ndpi_suspicious_dga_domain#all\"><i class=\"fas fa-cog\" title=\"Edit Configuration\"></i></a>","description":"Suspicious DGA Domain [cdn.krxd.net]","name":"Suspicious DGA Domain","value":47},"proto":{"label":"UDP","value":"17"},"row_id":"1","score":{"color":"#ffc007","label":"51","value":51},"script_key":"ndpi_suspicious_dga_domain","severity":{"color":"#ffc007","label":"<i class='fas fa-fw fa-exclamation-triangle text-warning' style='color: #ffc007!important' title='Warning'></i> ","value":4},"tstamp":{"highlight":"#ffc007","label":"12:52:33","value":1622631153},"vlan_id":"0"},{"additional_alerts":"nil","alert_id":{"label":"<i class=\"fas fa-fw fa-exclamation\"></i> Suspicious DGA Domain","value":"47"},"alert_name":"<i class=\"fas fa-fw fa-exclamation\"></i> Suspicious DGA Domain","cli_role":{"label":"Is Attacker","tag_label":"Has Attacker","value":"attacker"},"count":1,"description":"Suspicious DGA Domain [cdn.krxd.net]","duration":0,"family":"flow","flow":{"active_url":"/lua/flow_details.lua?flow_key=1477362905&flow_hash_id=32","cli_ip":{"label":"Lucas iMac","reference":"<a href='/lua/host_details.lua?host=192.168.1.93' data-bs-toggle='tooltip' title=''><i class='fas fa-laptop'></i></a>","value":"192.168.1.93"},"cli_port":"61573","historical_url":"","srv_ip":{"label":"cdn.krxd.net","reference":"<a href='/lua/host_details.lua?host=151.101.130.133' data-bs-toggle='tooltip' title=''><i class='fas fa-laptop'></i></a>","value":"151.101.130.133"},"srv_port":"443"},"l7_proto":{"label":"TCP:TLS","value":"91"},"msg":{"configset_ref":" <a href=\"/lua/admin/edit_configset.lua?subdir=flow&user_script=ndpi_suspicious_dga_domain#all\"><i class=\"fas fa-cog\" title=\"Edit Configuration\"></i></a>","description":"Suspicious DGA Domain [cdn.krxd.net]","name":"Suspicious DGA Domain","value":47},"proto":{"label":"TCP","value":"6"},"row_id":"2","score":{"color":"#ffc007","label":"51","value":51},"script_key":"ndpi_suspicious_dga_domain","severity":{"color":"#ffc007","label":"<i class='fas fa-fw fa-exclamation-triangle text-warning' style='color: #ffc007!important' title='Warning'></i> ","value":4},"tstamp":{"highlight":"#ffc007","label":"12:52:33","value":1622631153},"vlan_id":"0"},{"additional_alerts":"nil","alert_id":{"label":"<i class=\"fas fa-fw fa-exclamation\"></i> Suspicious DGA Domain","value":"47"},"alert_name":"<i class=\"fas fa-fw fa-exclamation\"></i> Suspicious DGA Domain","cli_role":{"label":"Is Attacker","tag_label":"Has Attacker","value":"attacker"},"count":1,"description":"Suspicious DGA Domain [cdn.krxd.net]","duration":0,"family":"flow","flow":{"active_url":"/lua/flow_details.lua?flow_key=1477367257&flow_hash_id=60","cli_ip":{"label":"Lucas iMac","reference":"<a href='/lua/host_details.lua?host=192.168.1.93' data-bs-toggle='tooltip' title=''><i class='fas fa-laptop'></i></a>","value":"192.168.1.93"},"cli_port":"61590","historical_url":"","srv_ip":{"label":"cdn.krxd.net","reference":"<a href='/lua/host_details.lua?host=151.101.130.133' data-bs-toggle='tooltip' title=''><i class='fas fa-laptop'></i></a>","value":"151.101.130.133"},"srv_port":"443"},"l7_proto":{"label":"TCP:TLS","value":"91"},"msg":{"configset_ref":" <a href=\"/lua/admin/edit_configset.lua?subdir=flow&user_script=ndpi_suspicious_dga_domain#all\"><i class=\"fas fa-cog\" title=\"Edit Configuration\"></i></a>","description":"Suspicious DGA Domain [cdn.krxd.net]","name":"Suspicious DGA Domain","value":47},"proto":{"label":"TCP","value":"6"},"row_id":"3","score":{"color":"#ffc007","label":"51","value":51},"script_key":"ndpi_suspicious_dga_domain","severity":{"color":"#ffc007","label":"<i class='fas fa-fw fa-exclamation-triangle text-warning' style='color: #ffc007!important' title='Warning'></i> ","value":4},"tstamp":{"highlight":"#ffc007","label":"12:52:33","value":1622631153},"vlan_id":"0"},{"additional_alerts":"nil","alert_id":{"label":"<i class=\"fas fa-fw fa-exclamation\"></i> Suspicious DGA Domain","value":"47"},"alert_name":"<i class=\"fas fa-fw fa-exclamation\"></i> Suspicious DGA Domain","cli_role":{"label":"Is Attacker","tag_label":"Has Attacker","value":"attacker"},"count":1,"description":"Suspicious DGA Domain [fbc.wcfbc.net]","duration":0,"family":"flow","flow":{"active_url":"/lua/flow_details.lua?flow_key=2169575499&flow_hash_id=171","cli_ip":{"label":"Lucas iMac","reference":"<a href='/lua/host_details.lua?host=192.168.1.93' data-bs-toggle='tooltip' title=''><i class='fas fa-laptop'></i></a>","value":"192.168.1.93"},"cli_port":"56544","historical_url":"","srv_ip":{"label":"192.168.1.1","reference":"<a href='/lua/host_details.lua?host=192.168.1.1' data-bs-toggle='tooltip' title=''><i class='fas fa-laptop'></i></a>","value":"192.168.1.1"},"srv_port":"53"},"l7_proto":{"label":"UDP:DNS","value":"5"},"msg":{"configset_ref":" <a href=\"/lua/admin/edit_configset.lua?subdir=flow&user_script=ndpi_suspicious_dga_domain#all\"><i class=\"fas fa-cog\" title=\"Edit Configuration\"></i></a>","description":"Suspicious DGA Domain [fbc.wcfbc.net]","name":"Suspicious DGA Domain","value":47},"proto":{"label":"UDP","value":"17"},"row_id":"4","score":{"color":"#ffc007","label":"51","value":51},"script_key":"ndpi_suspicious_dga_domain","severity":{"color":"#ffc007","label":"<i class='fas fa-fw fa-exclamation-triangle text-warning' style='color: #ffc007!important' title='Warning'></i> ","value":4},"tstamp":{"highlight":"#ffc007","label":"12:52:33","value":1622631153},"vlan_id":"0"}]}}
